../Core/Src/app_threadx.c:122:6:App_ThreadX_Init	64	static
../Core/Src/app_threadx.c:363:6:MX_ThreadX_Init	8	static
../Core/Src/app_threadx.c:385:6:ReadTemperatureThread	32	static
../Core/Src/app_threadx.c:426:6:ReadHumidityThread	32	static
../Core/Src/app_threadx.c:468:6:ReadPressureThread	32	static
../Core/Src/app_threadx.c:510:6:ReadMagneticThread	40	static
../Core/Src/app_threadx.c:557:6:ReadMotionThread	56	static
../Core/Src/app_threadx.c:613:6:TIM7_ResumeMotionThread	8	static
../Core/Src/app_threadx.c:628:6:ReadLightThread	32	static
../Core/Src/app_threadx.c:657:6:RedLEDToggleThread	16	static
../Core/Src/app_threadx.c:672:6:GreenLEDToggleThread	16	static
../Core/Src/app_threadx.c:695:6:CaptureFrameThread	24	static
../Core/Src/app_threadx.c:725:6:HAL_DCMI_FrameEventCallback	16	static
../Core/Src/app_threadx.c:749:6:HAL_DCACHE_CleanAndInvalidateByAddrCallback	16	static
../Core/Src/app_threadx.c:768:13:DataSendNotify	16	static
