../Core/Src/BoardSupportPackage/BSP_MotorControl.c:50:6:BSP_MotorInit	8	static
../Core/Src/BoardSupportPackage/BSP_MotorControl.c:80:6:BSP_FlightPID	56	static
../Core/Src/BoardSupportPackage/BSP_MotorControl.c:117:14:PIDPitch	32	static
../Core/Src/BoardSupportPackage/BSP_MotorControl.c:141:14:PIDRoll	32	static
../Core/Src/BoardSupportPackage/BSP_MotorControl.c:165:14:PIDYawRate	32	static
../Core/Src/BoardSupportPackage/BSP_MotorControl.c:191:13:BSP_SetMotorFrontRight	16	static
../Core/Src/BoardSupportPackage/BSP_MotorControl.c:208:13:BSP_SetMotorFrontLeft	16	static
../Core/Src/BoardSupportPackage/BSP_MotorControl.c:224:13:BSP_SetMotorBackLeft	16	static
../Core/Src/BoardSupportPackage/BSP_MotorControl.c:240:13:BSP_SetMotorBackRight	16	static
