../Core/Src/BoardSupportPackage/BSP_MotorControl.c:44:6:BSP_MotorInit	8	static
../Core/Src/BoardSupportPackage/BSP_MotorControl.c:52:6:BSP_FlightPID	80	static
../Core/Src/BoardSupportPackage/BSP_MotorControl.c:70:14:PIDPitch	32	static
../Core/Src/BoardSupportPackage/BSP_MotorControl.c:81:14:PIDRoll	32	static
../Core/Src/BoardSupportPackage/BSP_MotorControl.c:92:14:PIDYawRate	32	static
../Core/Src/BoardSupportPackage/BSP_MotorControl.c:105:13:BSP_SetMotorFrontRight	16	static
../Core/Src/BoardSupportPackage/BSP_MotorControl.c:120:13:BSP_SetMotorFrontLeft	16	static
../Core/Src/BoardSupportPackage/BSP_MotorControl.c:135:13:BSP_SetMotorBackLeft	16	static
../Core/Src/BoardSupportPackage/BSP_MotorControl.c:150:13:BSP_SetMotorBackRight	16	static
